  year  grp     n_papers  n_with_mutual   share%
  1975    1       89,416          5,374   6.0101
  1975    2       20,249          2,050  10.1240
  1976    1      120,786          4,426   3.6643
  1976    2       48,138          3,196   6.6392
  1976    3       17,779          1,605   9.0275
  1977    1      125,768          3,474   2.7622
  1977    2       67,347          3,448   5.1198
  1977    3       32,970          2,270   6.8850
  1977    4       13,511          1,104   8.1711
  1978    1      123,278          2,681   2.1748
  1978    2       78,543          3,261   4.1519
  1978    3       44,723          2,406   5.3798
  1978    4       21,284          1,437   6.7516
  1979    1      122,081          2,578   2.1117
  1979    2       83,762          3,159   3.7714
  1979    3       53,863          2,804   5.2058
  1979    4       27,892          1,803   6.4642
  1979    5       12,992            913   7.0274
  1979   6+       10,665            822   7.7075
  1980    1      123,335          2,276   1.8454
  1980    2       91,058          3,218   3.5340
  1980    3       61,643          2,958   4.7986
  1980    4       34,742          2,093   6.0244
  1980    5       17,305          1,169   6.7553
  1980   6+       14,946          1,125   7.5271
  1981    1      122,727          2,242   1.8268
  1981    2       95,127          3,088   3.2462
  1981    3       68,396          2,982   4.3599
  1981    4       40,940          2,296   5.6082
  1981    5       21,311          1,351   6.3394
  1981   6+       19,225          1,423   7.4018
  1982    1      121,657          2,085   1.7138
  1982    2       96,808          3,118   3.2208
  1982    3       72,897          3,159   4.3335
  1982    4       45,439          2,474   5.4447
  1982    5       24,971          1,516   6.0710
  1982   6+       24,306          1,663   6.8419
  1983    1      123,556          2,162   1.7498
  1983    2      102,135          3,202   3.1351
  1983    3       78,294          3,202   4.0897
  1983    4       50,034          2,616   5.2284
  1983    5       28,566          1,641   5.7446
  1983   6+       28,722          1,927   6.7091
  1984    1      126,521          2,122   1.6772
  1984    2      105,788          3,195   3.0202
  1984    3       82,580          3,380   4.0930
  1984    4       55,155          2,750   4.9859
  1984    5       32,250          1,911   5.9256
  1984   6+       33,770          2,206   6.5324
  1985    1      127,560          2,240   1.7560
  1985    2      110,110          3,410   3.0969
  1985    3       87,121          3,376   3.8751
  1985    4       58,676          2,793   4.7600
  1985    5       34,939          1,939   5.5497
  1985   6+       37,511          2,510   6.6914
  1986    1      130,263          2,109   1.6190
  1986    2      114,976          3,307   2.8763
  1986    3       92,923          3,467   3.7310
  1986    4       64,251          2,908   4.5260
  1986    5       38,990          2,066   5.2988
  1986   6+       42,854          2,832   6.6085
  1987    1      136,576          2,213   1.6203
  1987    2      120,539          3,424   2.8406
  1987    3       98,612          3,716   3.7683
  1987    4       68,626          3,022   4.4036
  1987    5       42,256          2,265   5.3602
  1987   6+       46,883          2,850   6.0790
  1988    1      142,601          2,248   1.5764
  1988    2      128,196          3,602   2.8098
  1988    3      105,293          3,842   3.6489
  1988    4       73,977          3,266   4.4149
  1988    5       46,276          2,463   5.3224
  1988   6+       52,083          3,315   6.3648
  1989    1      145,562          2,459   1.6893
  1989    2      134,018          3,697   2.7586
  1989    3      112,275          3,990   3.5538
  1989    4       79,144          3,347   4.2290
  1989    5       50,440          2,508   4.9722
  1989   6+       57,638          3,479   6.0359
  1990    1      152,482          2,407   1.5785
  1990    2      141,195          3,928   2.7820
  1990    3      118,822          4,188   3.5246
  1990    4       85,273          3,581   4.1995
  1990    5       54,040          2,614   4.8372
  1990   6+       62,872          3,902   6.2063
  1991    1      155,000          2,585   1.6677
  1991    2      149,025          4,057   2.7224
  1991    3      125,829          4,487   3.5660
  1991    4       90,469          3,732   4.1252
  1991    5       57,834          2,729   4.7187
  1991   6+       68,075          4,021   5.9067
  1992    1      160,764          2,644   1.6446
  1992    2      155,212          4,222   2.7202
  1992    3      132,562          4,589   3.4618
  1992    4       95,513          3,927   4.1115
  1992    5       61,528          3,025   4.9165
  1992   6+       72,748          4,564   6.2737
  1993    1      162,967          2,676   1.6421
  1993    2      158,588          4,270   2.6925
  1993    3      134,530          4,520   3.3598
  1993    4       96,909          4,010   4.1379
  1993    5       61,934          2,775   4.4806
  1993   6+       73,694          4,342   5.8919
  1994    1      165,482          2,794   1.6884
  1994    2      162,637          4,456   2.7398
  1994    3      140,071          4,829   3.4475
  1994    4      102,303          4,111   4.0185
  1994    5       65,710          3,034   4.6173
  1994   6+       80,370          4,788   5.9574
  1995    1      170,552          2,934   1.7203
  1995    2      168,720          4,589   2.7199
  1995    3      147,605          5,114   3.4647
  1995    4      108,782          4,423   4.0659
  1995    5       69,787          3,330   4.7717
  1995   6+       87,544          5,076   5.7982
  1996    1      183,934          3,033   1.6490
  1996    2      181,028          4,640   2.5631
  1996    3      157,843          5,254   3.3286
  1996    4      116,851          4,600   3.9366
  1996    5       77,133          3,303   4.2822
  1996   6+       98,131          5,387   5.4896
  1997    1      191,376          3,116   1.6282
  1997    2      191,925          4,858   2.5312
  1997    3      169,882          5,659   3.3311
  1997    4      125,057          4,885   3.9062
  1997    5       82,653          3,761   4.5503
  1997   6+      104,269          5,922   5.6795
  1998    1      205,275          3,417   1.6646
  1998    2      204,638          5,365   2.6217
  1998    3      182,086          6,057   3.3265
  1998    4      133,442          5,270   3.9493
  1998    5       88,199          3,887   4.4071
  1998   6+      111,891          6,255   5.5903
  1999    1      212,113          3,633   1.7128
  1999    2      217,136          5,639   2.5970
  1999    3      192,852          6,635   3.4405
  1999    4      143,504          5,635   3.9267
  1999    5       94,274          4,267   4.5262
  1999   6+      120,596          6,836   5.6685
  2000    1      251,994          3,860   1.5318
  2000    2      244,254          6,111   2.5019
  2000    3      215,108          7,135   3.3169
  2000    4      159,718          6,149   3.8499
  2000    5      104,599          4,504   4.3060
  2000   6+      140,360          7,773   5.5379
  2001    1      247,231          4,134   1.6721
  2001    2      252,990          6,516   2.5756
  2001    3      223,401          7,660   3.4288
  2001    4      164,641          6,539   3.9717
  2001    5      108,413          5,060   4.6673
  2001   6+      145,121          8,161   5.6236
  2002    1      368,498          7,481   2.0301
  2002    2      375,361         11,136   2.9667
  2002    3      286,066         10,406   3.6376
  2002    4      195,478          8,245   4.2179
  2002    5      123,824          5,760   4.6518
  2002   6+      163,900          9,644   5.8841
  2003    1      337,975          6,151   1.8200
  2003    2      348,328          9,546   2.7405
  2003    3      287,551         10,051   3.4954
  2003    4      206,177          8,475   4.1105
  2003    5      135,521          6,254   4.6148
  2003   6+      186,397         10,988   5.8949
  2004    1      353,077          6,065   1.7178
  2004    2      353,772          9,152   2.5870
  2004    3      299,742          9,961   3.3232
  2004    4      217,091          8,527   3.9278
  2004    5      144,172          6,449   4.4731
  2004   6+      202,171         11,538   5.7070
  2005    1      417,906          6,457   1.5451
  2005    2      402,906          9,835   2.4410
  2005    3      336,090         11,030   3.2819
  2005    4      242,192          9,342   3.8573
  2005    5      160,383          7,219   4.5011
  2005   6+      230,091         12,789   5.5582
  2006    1      443,151          6,721   1.5166
  2006    2      437,000         10,302   2.3574
  2006    3      360,919         11,308   3.1331
  2006    4      263,233          9,963   3.7849
  2006    5      177,590          7,927   4.4637
  2006   6+      256,198         14,329   5.5929
  2007    1      444,518          6,423   1.4449
  2007    2      449,962         10,392   2.3095
  2007    3      379,488         11,411   3.0069
  2007    4      279,908         10,230   3.6548
  2007    5      191,601          8,116   4.2359
  2007   6+      282,968         15,510   5.4812
  2008    1      497,216          7,689   1.5464
  2008    2      485,564         10,895   2.2438
  2008    3      408,601         12,290   3.0078
  2008    4      302,742         11,088   3.6625
  2008    5      207,249          8,691   4.1935
  2008   6+      310,144         16,816   5.4220
  2009    1      510,484          6,981   1.3675
  2009    2      521,278         11,127   2.1346
  2009    3      437,670         12,370   2.8263
  2009    4      325,173         11,104   3.4148
  2009    5      224,996          9,138   4.0614
  2009   6+      344,705         17,570   5.0971
  2010    1      555,013          6,647   1.1976
  2010    2      556,435         10,892   1.9575
  2010    3      468,545         12,247   2.6138
  2010    4      351,960         11,346   3.2237
  2010    5      244,870          9,173   3.7461
  2010   6+      381,017         18,591   4.8793
  2011    1      577,726          6,614   1.1448
  2011    2      598,558         10,886   1.8187
  2011    3      508,982         12,708   2.4967
  2011    4      384,355         11,683   3.0396
  2011    5      271,573          9,738   3.5858
  2011   6+      430,681         20,025   4.6496
  2012    1      620,497          6,697   1.0793
  2012    2      631,055         10,971   1.7385
  2012    3      540,394         12,676   2.3457
  2012    4      413,903         12,014   2.9026
  2012    5      295,532          9,863   3.3374
  2012   6+      477,430         20,816   4.3600
  2013    1      667,375          6,786   1.0168
  2013    2      671,341         11,328   1.6874
  2013    3      577,028         12,928   2.2404
  2013    4      444,272         12,273   2.7625
  2013    5      318,905         10,203   3.1994
  2013   6+      519,853         21,320   4.1012
  2014    1      695,581          7,154   1.0285
  2014    2      705,929         11,159   1.5808
  2014    3      611,027         12,585   2.0596
  2014    4      473,045         11,892   2.5139
  2014    5      342,612         10,010   2.9217
  2014   6+      567,914         21,387   3.7659
  2015    1      689,497          6,393   0.9272
  2015    2      708,475         10,167   1.4351
  2015    3      616,231         11,726   1.9029
  2015    4      482,333         11,033   2.2874
  2015    5      350,920          9,117   2.5980
  2015   6+      589,600         19,835   3.3641
  2016    1      690,391          5,993   0.8681
  2016    2      700,920         10,016   1.4290
  2016    3      616,900         11,061   1.7930
  2016    4      485,517         10,085   2.0772
  2016    5      355,691          8,301   2.3338
  2016   6+      607,152         17,558   2.8919
  2017    1      706,943          6,118   0.8654
  2017    2      714,082          9,983   1.3980
  2017    3      632,953         11,767   1.8591
  2017    4      502,109         11,174   2.2254
  2017    5      371,169          9,240   2.4894
  2017   6+      642,690         19,442   3.0251
  2018    1      740,609          7,248   0.9787
  2018    2      761,479         11,759   1.5442
  2018    3      674,600         14,122   2.0934
  2018    4      538,660         13,504   2.5070
  2018    5      402,539         11,493   2.8551
  2018   6+      705,349         24,569   3.4832
  2019    1      771,752          7,268   0.9418
  2019    2      806,995         12,751   1.5801
  2019    3      723,353         16,311   2.2549
  2019    4      586,776         16,622   2.8328
  2019    5      444,195         14,249   3.2078
  2019   6+      816,121         31,658   3.8791
  2020    1      845,775          5,358   0.6335
  2020    2      893,069          9,565   1.0710
  2020    3      819,084         12,055   1.4718
  2020    4      680,093         12,452   1.8309
  2020    5      524,859         10,632   2.0257
  2020   6+    1,004,687         25,926   2.5805
  2021    1      819,512          3,603   0.4397
  2021    2      923,764          6,420   0.6950
  2021    3      869,125          7,661   0.8815
  2021    4      739,474          7,905   1.0690
  2021    5      583,205          6,890   1.1814
  2021   6+    1,178,491         18,617   1.5797
  2022    1      780,928          2,541   0.3254
  2022    2      916,459          4,877   0.5322
  2022    3      873,853          6,066   0.6942
  2022    4      745,773          6,325   0.8481
  2022    5      590,669          5,412   0.9162
  2022   6+    1,160,990         13,546   1.1668
  2023    1      833,463          2,481   0.2977
  2023    2      972,364          4,448   0.4574
  2023    3      921,451          5,377   0.5835
  2023    4      783,448          5,453   0.6960
  2023    5      618,840          4,821   0.7790
  2023   6+    1,237,825         11,774   0.9512
  2024    1    8,677,349          1,553   0.0179
  2024    2    2,476,996          2,836   0.1145
  2024    3      869,266          3,589   0.4129
  2024    4      773,111          3,689   0.4772
  2024    5      631,221          3,439   0.5448
  2024   6+    1,322,808          8,264   0.6247
  2025    1    9,114,332            693   0.0076
  2025    2    4,071,611          1,134   0.0279
  2025    3      893,743          1,464   0.1638
  2025    4      698,138          1,379   0.1975
  2025    5      583,222          1,196   0.2051
  2025   6+    1,275,509          3,101   0.2431
wrote outputs/mutual_paper_share_by_diversity.csv
wrote outputs/mutual_paper_share_by_diversity.png
